logic__167: 
muxpart__2: 
reg__9: 
logic__191: 
case__43: 
AND_1bit_3inp: 
case__56: 
logic__4: 
Screen_Memory: 
reg__32: 
reg__24: 
ROM: 
case__66: 
zero_extender: 
logic__123: 
logic__151: 
logic__38: 
logic__144: 
logic__122: 
logic__196: 
logic__183: 
muxpart__21: 
case__76: 
reg__20: 
logic__152: 
logic__140: 
reg__7: 
logic__188: 
logic__146: 
Main_Decoder: 
logic__186: 
ALU_Decoder: 
logic__197: 
logic__150: 
logic__241: 
logic__166: 
logic__242: 
logic__204: 
logic__168: 
case__51: 
case__80: 
reg__13: 
case__10: 
logic__35: 
NOT_32bit: 
case__1: 
logic__17: 
MUX2x1_32bit: 
logic__189: 
case__58: 
case__42: 
case__69: 
logic__24: 
logic__149: 
reg__16: 
reg__22: 
case__8: 
reg__19: 
logic__14: 
logic__103: 
reg__30: 
logic__193: 
case__6: 
case__59: 
datapath: 
case__46: 
case__39: 
muxpart__19: 
logic__201: 
logic__176: 
case__47: 
extram__1: 
case__68: 
datapath__2: 
logic__175: 
case__75: 
case__79: 
logic__138: 
muxpart: 
reg__3: 
logic__104: 
AND_1bit_2inp: 
logic: 
logic__135: 
reg__6: 
reg__33: 
logic__139: 
logic__18: 
reg__23: 
logic__153: 
logic__203: 
logic__7: 
reg__38: 
logic__194: 
case__52: 
case__44: 
register_1bit: 
ALU_RISCv: 
XNOR_1bit_3inp: 
logic__32: 
bitwiseAND: 
Extender: 
case__77: 
case__74: 
muxpart__23: 
case__78: 
case__67: 
reg: 
logic__142: 
logic__145: 
MUX8x1_32bit: 
logic__137: 
case__7: 
logic__207: 
case__13: 
muxpart__1: 
reg__21: 
case__12: 
case__65: 
case__9: 
logic__154: 
case__61: 
case__5: 
logic__202: 
logic__6: 
case__54: 
logic__110: 
logic__245: 
muxpart__20: 
logic__155: 
Instr_Decoder: 
logic__190: 
reg__34: 
logic__136: 
logic__141: 
case__53: 
case__57: 
logic__247: 
XOR_1bit_2inp: 
logic__177: 
logic__161: 
case__64: 
logic__246: 
logic__162: 
case__45: 
logic__206: 
case__72: 
reg__10: 
add_sub: 
logic__187: 
logic__248: 
logic__164: 
case__71: 
case__15: 
logic__180: 
MUX4x1_32bit: 
logic__143: 
logic__163: 
extram: 
logic__200: 
case__55: 
reg__31: 
case__4: 
reg__36: 
reg__25: 
logic__134: 
logic__205: 
logic__185: 
MUX2x1_1bit: 
logic__178: 
logic__147: 
logic__195: 
case__60: 
reg__15: 
logic__31: 
case__49: 
datapath__1: 
case__48: 
logic__198: 
logic__192: 
case: 
logic__179: 
logic__148: 
case__38: 
logic__124: 
logic__165: 
reg__26: 
logic__181: 
reg__29: 
logic__105: 
control_unit: 
fulladder: 
muxpart__22: 
reg__37: 
case__50: 
reg__14: 
logic__115: 
logic__156: 
case__14: 
logic__117: 
logic__132: 
logic__174: 
reg__2: 
case__73: 
logic__159: 
case__62: 
logic__199: 
reg__8: 
logic__133: 
DFlipFlop: 
case__63: 
reg_file: 
logic__184: 
processor: 
case__37: 
logic__114: 
register_32bit: 
reg__1: 
case__3: 
Memory: 
logic__160: 
reg__27: 
logic__182: 
reg__28: 
rom: 
logic__158: 
reg__11: 
reg__12: 
logic__169: 
case__70: 
reg__18: 
reg__17: 
case__40: 
logic__13: 
reg__35: 
logic__157: 
RAM: 
