logic__31: 
muxpart__2: 
logic__43: 
logic__222: 
case__5: 
logic__6: 
logic__152: 
logic__9: 
keep__56: 
muxpart__32: 
logic__218: 
logic__132: 
muxpart__17: 
case__34: 
logic__80: 
logic__203: 
case__23: 
register_1bit: 
extram: 
logic__74: 
keep__12: 
case__18: 
Extender: 
keep__14: 
muxpart__38: 
logic__221: 
muxpart__19: 
keep__38: 
logic__234: 
keep__64: 
logic__235: 
logic__233: 
keep: 
keep__54: 
muxpart__3: 
logic__61: 
reg__7: 
logic__142: 
reg__53: 
case__32: 
muxpart__35: 
keep__43: 
reg__10: 
keep__53: 
logic__78: 
case__38: 
muxpart__1: 
ALU_Decoder: 
logic__52: 
case__10: 
reg__8: 
reg__17: 
case__31: 
AND_1bit_2inp: 
case__3: 
case__13: 
reg__4: 
register_32bit_neg: 
keep__9: 
logic__228: 
reg__22: 
muxpart__37: 
muxpart__31: 
muxpart__13: 
reg_file: 
logic__239: 
MUX4x1_32bit: 
reg__5: 
logic__114: 
add_sub: 
reg__55: 
logic__215: 
case__19: 
logic__7: 
keep__17: 
logic__47: 
muxpart__40: 
logic__19: 
keep__24: 
muxpart__25: 
logic__286: 
rom: 
logic__72: 
reg: 
logic__73: 
keep__44: 
muxpart__43: 
keep__31: 
TMDS_encoder: 
logic__113: 
logic__217: 
logic__108: 
muxpart__5: 
processor: 
datapath__5: 
muxpart__36: 
reg__42: 
keep__41: 
keep__45: 
reg__27: 
case__20: 
logic__82: 
reg__30: 
reg__50: 
logic__210: 
logic__209: 
reg__35: 
datapath__7: 
logic__282: 
logic__75: 
keep__40: 
datapath__4: 
logic__279: 
logic__200: 
reg__13: 
keep__10: 
logic__202: 
reg__46: 
logic__76: 
counter__1: 
logic__159: 
keep__2: 
ps2_rx: 
logic__24: 
keep__11: 
logic__14: 
case__37: 
case__1: 
muxpart: 
reg__20: 
keep__49: 
datapath__3: 
muxpart__29: 
case__33: 
datapath__9: 
reg__29: 
keep__32: 
reg__54: 
logic__232: 
keep__28: 
reg__28: 
logic__168: 
keep__39: 
muxpart__4: 
case__4: 
datapath__6: 
MUX2x1_1bit: 
muxpart__20: 
reg__39: 
case__17: 
keep__27: 
reg__16: 
muxpart__34: 
logic__276: 
case__21: 
case__41: 
logic__123: 
reg__49: 
reg__11: 
reg__45: 
keep__42: 
case__28: 
muxpart__12: 
logic__84: 
reg__40: 
reg__56: 
DFlipFlop: 
muxpart__15: 
zero_extender: 
logic__240: 
reg__3: 
keep__13: 
muxpart__27: 
AND_1bit_3inp: 
datapath__11: 
dsp48e1: 
keep__55: 
logic__275: 
case__7: 
logic__157: 
muxpart__44: 
keep__16: 
keep__65: 
logic__281: 
logic__185: 
case__22: 
rom__2: 
keep__52: 
control_unit: 
ALU_RISCv: 
case__12: 
rom__1: 
keep__30: 
logic__1: 
muxpart__9: 
reg__44: 
logic__51: 
datapath__2: 
logic__58: 
reg__23: 
logic__118: 
keep__47: 
reg__15: 
case__8: 
logic__15: 
reg__18: 
logic__8: 
reg__57: 
DisplayDriver: 
Memory: 
logic__225: 
logic__115: 
keep__3: 
keep__8: 
muxpart__42: 
extram__1: 
register_32bit: 
logic__167: 
muxpart__33: 
keep__15: 
logic__39: 
case__6: 
muxpart__10: 
logic__208: 
logic__227: 
keep__62: 
muxpart__28: 
reg__48: 
logic__77: 
reg__41: 
case__30: 
muxpart__16: 
logic__211: 
reg__32: 
reg__36: 
reg__33: 
scanToAscii: 
MUX2x1_32bit: 
case__9: 
logic__119: 
logic__213: 
datapath__8: 
reg__24: 
case__40: 
keep__18: 
logic__229: 
logic__79: 
datapath: 
muxpart__6: 
reg__2: 
keep__50: 
Instr_Decoder: 
keep__57: 
muxpart__30: 
logic__83: 
keep__23: 
keep__4: 
muxpart__21: 
case__15: 
keep__1: 
reg__51: 
keep__34: 
muxpart__7: 
case__26: 
case__16: 
reg__19: 
reg__9: 
Main_Decoder: 
logic__57: 
keep__63: 
logic: 
logic__199: 
keep__7: 
fulladder: 
logic__216: 
ROM: 
muxpart__23: 
logic__158: 
logic__212: 
case__24: 
keep__60: 
case: 
keep__35: 
logic__141: 
keep__22: 
keep__33: 
reg__25: 
reg__6: 
logic__224: 
keep__19: 
logic__18: 
logic__30: 
muxpart__41: 
reg__43: 
case__25: 
keep__21: 
muxpart__18: 
MUX8x1_32bit: 
muxpart__39: 
keep__61: 
logic__69: 
logic__120: 
NOT_32bit: 
logic__231: 
muxpart__8: 
logic__131: 
reg__38: 
datapath__10: 
muxpart__24: 
datapath__13: 
muxpart__14: 
XNOR_1bit_3inp: 
case__35: 
logic__280: 
logic__169: 
reg__12: 
datapath__14: 
reg__26: 
case__2: 
reg__34: 
keep__46: 
logic__150: 
logic__237: 
keep__58: 
logic__220: 
keep__25: 
logic__226: 
logic__105: 
reg__1: 
reg__21: 
logic__149: 
muxpart__22: 
reg__47: 
logic__236: 
reg__37: 
logic__117: 
logic__71: 
RAM: 
logic__81: 
datapath__1: 
muxpart__26: 
keep__29: 
logic__238: 
bitwiseAND: 
case__29: 
reg__14: 
keep__26: 
logic__241: 
keep__5: 
logic__102: 
case__36: 
keep__36: 
counter: 
reg__31: 
keep__48: 
logic__197: 
logic__230: 
logic__219: 
muxpart__11: 
Screen_Memory: 
keep__20: 
logic__214: 
reg__52: 
logic__223: 
logic__70: 
keep__37: 
logic__283: 
datapath__12: 
case__11: 
keep__6: 
logic__116: 
XOR_1bit_2inp: 
keep__51: 
keep__59: 
logic__193: 
