#-----------------------------------------------------------
# Vivado v2023.1 (64-bit)
# SW Build 3865809 on Sun May  7 15:05:29 MDT 2023
# IP Build 3864474 on Sun May  7 20:36:21 MDT 2023
# SharedData Build 3865790 on Sun May 07 13:33:03 MDT 2023
# Start of session at: Sat Nov 11 15:25:14 2023
# Process ID: 7476
# Current directory: C:/Users/VISHNU VARDHAN/OneDrive/Desktop/PROCESSOR_CSD/davinci/testing/Processor
# Command line: vivado.exe -gui_launcher_event rodinguilauncherevent16460 C:\Users\VISHNU VARDHAN\OneDrive\Desktop\PROCESSOR_CSD\davinci\testing\Processor\Processor.xpr
# Log file: C:/Users/VISHNU VARDHAN/OneDrive/Desktop/PROCESSOR_CSD/davinci/testing/Processor/vivado.log
# Journal file: C:/Users/VISHNU VARDHAN/OneDrive/Desktop/PROCESSOR_CSD/davinci/testing/Processor\vivado.jou
# Running On: DESKTOP-IR68AML, OS: Windows, CPU Frequency: 2112 MHz, CPU Physical cores: 4, Host memory: 8367 MB
#-----------------------------------------------------------
start_gui
open_project {C:/Users/VISHNU VARDHAN/OneDrive/Desktop/PROCESSOR_CSD/davinci/testing/Processor/Processor.xpr}
update_compile_order -fileset sources_1
reset_run synth_1
launch_runs synth_1 -jobs 4
wait_on_run synth_1
launch_runs impl_1 -jobs 4
wait_on_run impl_1
launch_runs impl_1 -to_step write_bitstream -jobs 4
wait_on_run impl_1
