Copyright 1986-2022 Xilinx, Inc. All Rights Reserved. Copyright 2022-2023 Advanced Micro Devices, Inc. All Rights Reserved.
---------------------------------------------------------------------------------------------------------------------------------------------
| Tool Version : Vivado v.2023.1 (win64) Build 3865809 Sun May  7 15:05:29 MDT 2023
| Date         : Tue Nov  7 00:18:11 2023
| Host         : Ganesh running 64-bit major release  (build 9200)
| Command      : report_control_sets -verbose -file processor_control_sets_placed.rpt
| Design       : processor
| Device       : xc7z010
---------------------------------------------------------------------------------------------------------------------------------------------

Control Set Information

Table of Contents
-----------------
1. Summary
2. Histogram
3. Flip-Flop Distribution
4. Detailed Control Set Information

1. Summary
----------

+----------------------------------------------------------+-------+
|                          Status                          | Count |
+----------------------------------------------------------+-------+
| Total control sets                                       |     9 |
|    Minimum number of control sets                        |     9 |
|    Addition due to synthesis replication                 |     0 |
|    Addition due to physical synthesis replication        |     0 |
| Unused register locations in slices containing registers |    15 |
+----------------------------------------------------------+-------+
* Control sets can be merged at opt_design using control_set_merge or merge_equivalent_drivers
** Run report_qor_suggestions for automated merging and remapping suggestions


2. Histogram
------------

+--------------------+-------+
|       Fanout       | Count |
+--------------------+-------+
| Total control sets |     9 |
| >= 0 to < 4        |     0 |
| >= 4 to < 6        |     2 |
| >= 6 to < 8        |     0 |
| >= 8 to < 10       |     1 |
| >= 10 to < 12      |     0 |
| >= 12 to < 14      |     0 |
| >= 14 to < 16      |     0 |
| >= 16              |     6 |
+--------------------+-------+
* Control sets can be remapped at either synth_design or opt_design


3. Flip-Flop Distribution
-------------------------

+--------------+-----------------------+------------------------+-----------------+--------------+
| Clock Enable | Synchronous Set/Reset | Asynchronous Set/Reset | Total Registers | Total Slices |
+--------------+-----------------------+------------------------+-----------------+--------------+
| No           | No                    | No                     |             153 |           76 |
| No           | No                    | Yes                    |               4 |            4 |
| No           | Yes                   | No                     |               0 |            0 |
| Yes          | No                    | No                     |            1092 |          365 |
| Yes          | No                    | Yes                    |               0 |            0 |
| Yes          | Yes                   | No                     |              40 |           15 |
+--------------+-----------------------+------------------------+-----------------+--------------+


4. Detailed Control Set Information
-----------------------------------

+-------------------+-----------------------------------------+-----------------------+------------------+----------------+--------------+
|    Clock Signal   |              Enable Signal              |    Set/Reset Signal   | Slice Load Count | Bel Load Count | Bels / Slice |
+-------------------+-----------------------------------------+-----------------------+------------------+----------------+--------------+
|  clk_BUFG         | mem/ram_i_4_n_0                         |                       |                2 |              4 |         2.00 |
| ~clk_BUFG         |                                         | reset_IBUF            |                4 |              4 |         1.00 |
|  clk_BUFG         | mem/readKeyboard                        | mem/keyVal[7]_i_1_n_0 |                3 |              8 |         2.67 |
|  sysclk_IBUF_BUFG |                                         |                       |                6 |             23 |         3.83 |
|  clk_BUFG         | control_unit/mainDecoder/E[0]           | reset_IBUF            |               12 |             32 |         2.67 |
| ~clk_BUFG         |                                         |                       |               17 |             32 |         1.88 |
|  clk_BUFG         | control_unit/mainDecoder/state_reg[3]_0 |                       |               28 |             64 |         2.29 |
|  clk_BUFG         |                                         |                       |               53 |             98 |         1.85 |
|  clk_BUFG         | register_file/register                  |                       |              335 |           1024 |         3.06 |
+-------------------+-----------------------------------------+-----------------------+------------------+----------------+--------------+


