#-----------------------------------------------------------
# Vivado v2023.1 (64-bit)
# SW Build 3865809 on Sun May  7 15:05:29 MDT 2023
# IP Build 3864474 on Sun May  7 20:36:21 MDT 2023
# SharedData Build 3865790 on Sun May 07 13:33:03 MDT 2023
# Start of session at: Sat Oct 14 12:15:42 2023
# Process ID: 24816
# Current directory: D:/semester/7th sem/davinci/testing/keyboard_memory_led/keyboard_memory_led.runs/impl_1
# Command line: vivado.exe -log keyboard_driver.vdi -applog -product Vivado -messageDb vivado.pb -mode batch -source keyboard_driver.tcl -notrace
# Log file: D:/semester/7th sem/davinci/testing/keyboard_memory_led/keyboard_memory_led.runs/impl_1/keyboard_driver.vdi
# Journal file: D:/semester/7th sem/davinci/testing/keyboard_memory_led/keyboard_memory_led.runs/impl_1\vivado.jou
# Running On: Ganesh, OS: Windows, CPU Frequency: 1190 MHz, CPU Physical cores: 4, Host memory: 8341 MB
#-----------------------------------------------------------
source keyboard_driver.tcl -notrace
