MUX2x1_32bit: 
keep__18: 
muxpart__32: 
logic__235: 
muxpart__40: 
logic__132: 
Main_Decoder: 
reg__44: 
case__19: 
datapath__12: 
logic__133: 
extram: 
keep__31: 
TMDS_encoder: 
reg__42: 
reg__16: 
XNOR_1bit_3inp: 
logic__76: 
datapath__7: 
reg__27: 
reg__4: 
case__31: 
reg__51: 
muxpart__24: 
keep: 
case__11: 
logic__223: 
reg__17: 
logic__276: 
muxpart__23: 
logic__218: 
logic__241: 
muxpart__34: 
logic__277: 
logic__24: 
reg__23: 
muxpart__43: 
logic__233: 
logic__124: 
logic__209: 
reg__41: 
reg__56: 
case__15: 
keep__27: 
keep__40: 
muxpart__2: 
logic__230: 
logic__85: 
MUX2x1_1bit: 
keep__30: 
reg__54: 
logic__217: 
logic__114: 
muxpart__18: 
keep__29: 
case__36: 
keep__26: 
keep__19: 
XOR_1bit_2inp: 
logic__115: 
muxpart__21: 
Instr_Decoder: 
keep__17: 
keep__54: 
reg__43: 
muxpart__27: 
rom: 
keep__44: 
keep__48: 
reg: 
logic__1: 
reg__35: 
reg__20: 
case__21: 
AND_1bit_2inp: 
logic__52: 
reg__3: 
logic__232: 
reg__8: 
case__1: 
keep__51: 
datapath__8: 
case__22: 
case__33: 
reg__38: 
keep__28: 
ALU_RISCv: 
keep__46: 
logic__203: 
muxpart__31: 
muxpart__42: 
Memory: 
register_1bit: 
case__7: 
keep__5: 
keep__20: 
logic__47: 
keep__53: 
reg_file: 
logic__281: 
muxpart__13: 
logic__6: 
logic__225: 
register_32bit_neg: 
datapath__4: 
case__43: 
logic__226: 
keep__23: 
extram__1: 
logic__200: 
logic__103: 
keep__33: 
case__5: 
reg__45: 
logic__151: 
bitwiseAND: 
logic__231: 
keep__60: 
muxpart__29: 
muxpart__1: 
logic__120: 
keep__34: 
reg__25: 
keep__3: 
datapath__1: 
logic__19: 
keep__2: 
case__2: 
logic__158: 
logic__283: 
logic__239: 
logic__216: 
muxpart__10: 
muxpart: 
logic__284: 
datapath__3: 
muxpart__25: 
keep__57: 
scanToAscii: 
logic__117: 
datapath__2: 
logic__287: 
logic__18: 
logic__31: 
muxpart__17: 
logic__204: 
case__13: 
keep__49: 
case__40: 
case__20: 
logic__212: 
keep__62: 
logic__240: 
logic__159: 
logic__214: 
case__8: 
case__4: 
muxpart__22: 
RAM: 
reg__57: 
logic__211: 
keep__58: 
logic__150: 
logic__236: 
logic__242: 
case__28: 
case__44: 
logic__9: 
datapath__11: 
reg__55: 
muxpart__19: 
logic__51: 
muxpart__35: 
datapath__5: 
logic__168: 
logic__228: 
keep__4: 
MUX4x1_32bit: 
logic__75: 
keep__65: 
logic__14: 
case__34: 
dsp48e1: 
logic__82: 
keep__25: 
keep__43: 
logic__198: 
keep__35: 
reg__26: 
logic__237: 
case__9: 
case__10: 
muxpart__15: 
case__6: 
logic__62: 
keep__14: 
keep__41: 
logic__8: 
case__17: 
muxpart__5: 
logic__170: 
muxpart__12: 
keep__15: 
keep__24: 
logic__224: 
case__39: 
keep__8: 
keep__50: 
keep__9: 
reg__52: 
logic__81: 
logic__221: 
ALU_Decoder: 
muxpart__14: 
muxpart__9: 
logic__39: 
reg__5: 
muxpart__38: 
keep__7: 
logic__78: 
reg__13: 
muxpart__4: 
reg__9: 
reg__18: 
logic__57: 
keep__61: 
keep__52: 
datapath__14: 
datapath__13: 
reg__50: 
logic__43: 
logic__142: 
logic__215: 
reg__47: 
reg__49: 
reg__28: 
muxpart__16: 
ROM: 
keep__38: 
reg__24: 
case__26: 
case__16: 
reg__6: 
reg__34: 
logic__71: 
control_unit: 
counter__1: 
reg__53: 
logic__153: 
logic__186: 
keep__11: 
muxpart__28: 
datapath: 
muxpart__11: 
case__38: 
logic__194: 
muxpart__7: 
reg__15: 
keep__42: 
keep__59: 
rom__2: 
reg__10: 
logic: 
keep__13: 
logic__109: 
muxpart__20: 
case__12: 
reg__14: 
keep__56: 
case__3: 
keep__32: 
logic__210: 
logic__160: 
reg__37: 
reg__46: 
reg__30: 
AND_1bit_3inp: 
logic__213: 
DFlipFlop: 
logic__77: 
case__25: 
processor: 
logic__83: 
reg__2: 
datapath__10: 
case: 
logic__106: 
case__23: 
rom__1: 
muxpart__30: 
keep__64: 
reg__19: 
muxpart__3: 
keep__6: 
reg__36: 
case__32: 
case__29: 
reg__21: 
logic__79: 
logic__70: 
case__35: 
zero_extender: 
reg__40: 
fulladder: 
muxpart__41: 
logic__229: 
logic__121: 
register_32bit: 
logic__72: 
reg__7: 
keep__55: 
logic__234: 
keep__36: 
case__41: 
logic__119: 
reg__31: 
logic__73: 
reg__12: 
logic__280: 
muxpart__39: 
logic__227: 
logic__169: 
keep__1: 
keep__10: 
keep__16: 
logic__116: 
logic__220: 
reg__32: 
logic__238: 
logic__118: 
keep__47: 
Screen_Memory: 
muxpart__8: 
keep__21: 
case__27: 
logic__84: 
NOT_32bit: 
add_sub: 
muxpart__36: 
logic__201: 
keep__22: 
case__24: 
case__37: 
reg__22: 
muxpart__44: 
reg__39: 
datapath__9: 
muxpart__37: 
logic__80: 
logic__219: 
logic__143: 
muxpart__33: 
logic__74: 
logic__222: 
reg__11: 
reg__29: 
counter: 
logic__15: 
logic__59: 
keep__37: 
muxpart__26: 
Extender: 
keep__45: 
logic__30: 
logic__7: 
keep__63: 
keep__12: 
reg__1: 
DisplayDriver: 
logic__282: 
datapath__6: 
reg__48: 
keep__39: 
ps2_rx: 
MUX8x1_32bit: 
logic__58: 
reg__33: 
muxpart__6: 
